// Jest Snapshot v1, https://goo.gl/fbAQLP

exports[`Login basic tests should render the Login Component Properly 1`] = `ShallowWrapper {}`;
