// Jest Snapshot v1, https://goo.gl/fbAQLP

exports[`Walkthrough basic test should render Walkthrough component properly 1`] = `ShallowWrapper {}`;
