// Jest Snapshot v1, https://goo.gl/fbAQLP

exports[`Header Back Arrow basic tests should render Header Back Arrow component properly 1`] = `ShallowWrapper {}`;
