// Jest Snapshot v1, https://goo.gl/fbAQLP

exports[`Password basic tests should render the Password Component Properly 1`] = `ShallowWrapper {}`;
