// Jest Snapshot v1, https://goo.gl/fbAQLP

exports[`Register basic tests should render the Register Component Properly 1`] = `ShallowWrapper {}`;
