// Jest Snapshot v1, https://goo.gl/fbAQLP

exports[`Slides basic tests should render the inital slides properly 1`] = `ShallowWrapper {}`;
