// Jest Snapshot v1, https://goo.gl/fbAQLP

exports[`Name basic tests should rendere the Name Component Properly 1`] = `ShallowWrapper {}`;
